Archive member included because of file (symbol)

c:/freescale/kds_v3/toolchain/bin/../lib/gcc/arm-none-eabi/4.8.4/armv7e-m/fpu\libgcc.a(_arm_addsubdf3.o)
                              ./Sources/main.o (__aeabi_ui2d)
c:/freescale/kds_v3/toolchain/bin/../lib/gcc/arm-none-eabi/4.8.4/armv7e-m/fpu\libgcc.a(_arm_muldivdf3.o)
                              ./Sources/main.o (__aeabi_dmul)
c:/freescale/kds_v3/toolchain/bin/../lib/gcc/arm-none-eabi/4.8.4/armv7e-m/fpu\libgcc.a(_arm_truncdfsf2.o)
                              ./Sources/main.o (__aeabi_d2f)
c:/freescale/kds_v3/toolchain/bin/../lib/gcc/arm-none-eabi/4.8.4/../../../../arm-none-eabi/lib/armv7e-m/fpu\libg_s.a(lib_a-exit.o)
                              c:/freescale/kds_v3/toolchain/bin/../lib/gcc/arm-none-eabi/4.8.4/../../../../arm-none-eabi/lib/armv7e-m/fpu/crt0.o (exit)
c:/freescale/kds_v3/toolchain/bin/../lib/gcc/arm-none-eabi/4.8.4/../../../../arm-none-eabi/lib/armv7e-m/fpu\libg_s.a(lib_a-impure.o)
                              c:/freescale/kds_v3/toolchain/bin/../lib/gcc/arm-none-eabi/4.8.4/../../../../arm-none-eabi/lib/armv7e-m/fpu\libg_s.a(lib_a-exit.o) (_global_impure_ptr)
c:/freescale/kds_v3/toolchain/bin/../lib/gcc/arm-none-eabi/4.8.4/../../../../arm-none-eabi/lib/armv7e-m/fpu\libg_s.a(lib_a-init.o)
                              c:/freescale/kds_v3/toolchain/bin/../lib/gcc/arm-none-eabi/4.8.4/../../../../arm-none-eabi/lib/armv7e-m/fpu/crt0.o (__libc_init_array)
c:/freescale/kds_v3/toolchain/bin/../lib/gcc/arm-none-eabi/4.8.4/../../../../arm-none-eabi/lib/armv7e-m/fpu\libg_s.a(lib_a-memset.o)
                              c:/freescale/kds_v3/toolchain/bin/../lib/gcc/arm-none-eabi/4.8.4/../../../../arm-none-eabi/lib/armv7e-m/fpu/crt0.o (memset)
c:/freescale/kds_v3/toolchain/bin/../lib/gcc/arm-none-eabi/4.8.4/../../../../arm-none-eabi/lib/armv7e-m/fpu\libg_s.a(lib_a-strchr.o)
                              ./Generated_Code/UTIL1.o (strchr)
c:/freescale/kds_v3/toolchain/bin/../lib/gcc/arm-none-eabi/4.8.4/../../../../arm-none-eabi/lib/armv7e-m/fpu\libg_s.a(lib_a-strlen.o)
                              ./Generated_Code/UTIL1.o (strlen)
c:/freescale/kds_v3/toolchain/bin/../lib/gcc/arm-none-eabi/4.8.4/../../../../arm-none-eabi/lib/armv7e-m/fpu\libg_s.a(lib_a-strncmp.o)
                              ./Generated_Code/UTIL1.o (strncmp)
c:/freescale/kds_v3/toolchain/bin/../lib/gcc/arm-none-eabi/4.8.4/../../../../arm-none-eabi/lib/armv7e-m/fpu\libnosys.a(_exit.o)
                              c:/freescale/kds_v3/toolchain/bin/../lib/gcc/arm-none-eabi/4.8.4/../../../../arm-none-eabi/lib/armv7e-m/fpu\libg_s.a(lib_a-exit.o) (_exit)

Allocating common symbols
Common symbol       size              file

lastSlaveChannelData
                    0x20              ./Sources/Drv_ADS1299.o
ASerialLdd1_DeviceDataPtr
                    0x4               ./Generated_Code/Inhr1.o
lastBoardChannelData
                    0x20              ./Sources/Drv_ADS1299.o
meanBoardChannelData
                    0x20              ./Sources/Drv_ADS1299.o
boardChannelData    0x20              ./Sources/Drv_ADS1299.o
lastBoardDataRaw    0x18              ./Sources/Drv_ADS1299.o
leadOffSettings     0x20              ./Sources/Drv_ADS1299.o
state               0x1               ./Sources/BH1750.o
address_value       0x1               ./Sources/BH1750.o
boardChannelDataRaw
                    0x18              ./Sources/Drv_ADS1299.o
meanBoardDataRaw    0x18              ./Sources/Drv_ADS1299.o
SR_reg              0x1               ./Static_Code/System/CPU_Init.o
SMasterLdd1_DeviceDataPtr
                    0x4               ./Generated_Code/SM1.o
regData             0x18              ./Sources/Drv_ADS1299.o
lastSlaveDataRaw    0x18              ./Sources/Drv_ADS1299.o
meanSlaveDataRaw    0x18              ./Sources/Drv_ADS1299.o
slaveChannelData    0x20              ./Sources/Drv_ADS1299.o
meanSlaveChannelData
                    0x20              ./Sources/Drv_ADS1299.o
defaultChannelSettings
                    0x6               ./Sources/Drv_ADS1299.o
useInBias           0x10              ./Sources/Drv_ADS1299.o
slaveChannelDataRaw
                    0x18              ./Sources/Drv_ADS1299.o
useSRB2             0x10              ./Sources/Drv_ADS1299.o
channelSettings     0x60              ./Sources/Drv_ADS1299.o

Discarded input sections

 .text          0x00000000        0x0 c:/freescale/kds_v3/toolchain/bin/../lib/gcc/arm-none-eabi/4.8.4/armv7e-m/fpu/crti.o
 .data          0x00000000        0x0 c:/freescale/kds_v3/toolchain/bin/../lib/gcc/arm-none-eabi/4.8.4/armv7e-m/fpu/crti.o
 .bss           0x00000000        0x0 c:/freescale/kds_v3/toolchain/bin/../lib/gcc/arm-none-eabi/4.8.4/armv7e-m/fpu/crti.o
 .data          0x00000000        0x4 c:/freescale/kds_v3/toolchain/bin/../lib/gcc/arm-none-eabi/4.8.4/armv7e-m/fpu/crtbegin.o
 .data          0x00000000        0x0 c:/freescale/kds_v3/toolchain/bin/../lib/gcc/arm-none-eabi/4.8.4/../../../../arm-none-eabi/lib/armv7e-m/fpu/crt0.o
[...]
Memory Configuration

Name             Origin             Length             Attributes
m_interrupts     0x00000000         0x00000198         xr
m_text           0x00000410         0x000ffbf0         xr
m_data_1FFF0000  0x1fff0000         0x00010000         rw
m_data           0x20000000         0x00030000         rw
m_cfmprotrom     0x00000400         0x00000010         xr
*default*        0x00000000         0xffffffff

Linker script and memory map

LOAD c:/freescale/kds_v3/toolchain/bin/../lib/gcc/arm-none-eabi/4.8.4/armv7e-m/fpu/crti.o
LOAD c:/freescale/kds_v3/toolchain/bin/../lib/gcc/arm-none-eabi/4.8.4/armv7e-m/fpu/crtbegin.o
LOAD c:/freescale/kds_v3/toolchain/bin/../lib/gcc/arm-none-eabi/4.8.4/../../../../arm-none-eabi/lib/armv7e-m/fpu/crt0.o
LOAD ./Static_Code/System/CPU_Init.o
LOAD ./Static_Code/System/Peripherals_Init.o
LOAD ./Static_Code/System/Vectors.o
LOAD ./Sources/BH1750.o
LOAD ./Sources/Drv_ADS1299.o
LOAD ./Sources/Drv_Devices.o
LOAD ./Sources/Drv_GPIO.o
LOAD ./Sources/Drv_SSP.o
LOAD ./Sources/Drv_UART.o
LOAD ./Sources/Events.o
LOAD ./Sources/main.o
LOAD ./Project_Settings/Startup_Code/startup.o
LOAD ./Generated_Code/ASerialLdd1.o
LOAD ./Generated_Code/CS_SPI.o
LOAD ./Generated_Code/Cpu.o
LOAD ./Generated_Code/DRDY.o
LOAD ./Generated_Code/Inhr1.o
LOAD ./Generated_Code/LED_ON.o
LOAD ./Generated_Code/PE_LDD.o
LOAD ./Generated_Code/PWDN.o
LOAD ./Generated_Code/RESET.o
LOAD ./Generated_Code/SM1.o
LOAD ./Generated_Code/SMasterLdd1.o
LOAD ./Generated_Code/START.o
LOAD ./Generated_Code/Term1.o
LOAD ./Generated_Code/UTIL1.o
LOAD ./Generated_Code/WAIT1.o
LOAD ./Generated_Code/WAIT2.o
LOAD c:/freescale/kds_v3/toolchain/bin/../lib/gcc/arm-none-eabi/4.8.4/../../../../arm-none-eabi/lib/armv7e-m/fpu\libstdc++_s.a
LOAD c:/freescale/kds_v3/toolchain/bin/../lib/gcc/arm-none-eabi/4.8.4/../../../../arm-none-eabi/lib/armv7e-m/fpu\libm.a
START GROUP
LOAD c:/freescale/kds_v3/toolchain/bin/../lib/gcc/arm-none-eabi/4.8.4/armv7e-m/fpu\libgcc.a
LOAD c:/freescale/kds_v3/toolchain/bin/../lib/gcc/arm-none-eabi/4.8.4/../../../../arm-none-eabi/lib/armv7e-m/fpu\libg_s.a
LOAD c:/freescale/kds_v3/toolchain/bin/../lib/gcc/arm-none-eabi/4.8.4/../../../../arm-none-eabi/lib/armv7e-m/fpu\libc_s.a
END GROUP
START GROUP
LOAD c:/freescale/kds_v3/toolchain/bin/../lib/gcc/arm-none-eabi/4.8.4/armv7e-m/fpu\libgcc.a
LOAD c:/freescale/kds_v3/toolchain/bin/../lib/gcc/arm-none-eabi/4.8.4/../../../../arm-none-eabi/lib/armv7e-m/fpu\libc_s.a
LOAD c:/freescale/kds_v3/toolchain/bin/../lib/gcc/arm-none-eabi/4.8.4/../../../../arm-none-eabi/lib/armv7e-m/fpu\libnosys.a
END GROUP
START GROUP
LOAD c:/freescale/kds_v3/toolchain/bin/../lib/gcc/arm-none-eabi/4.8.4/armv7e-m/fpu\libgcc.a
LOAD c:/freescale/kds_v3/toolchain/bin/../lib/gcc/arm-none-eabi/4.8.4/../../../../arm-none-eabi/lib/armv7e-m/fpu\libc_s.a
LOAD c:/freescale/kds_v3/toolchain/bin/../lib/gcc/arm-none-eabi/4.8.4/../../../../arm-none-eabi/lib/armv7e-m/fpu\libnosys.a
END GROUP
LOAD c:/freescale/kds_v3/toolchain/bin/../lib/gcc/arm-none-eabi/4.8.4/armv7e-m/fpu/crtend.o
LOAD c:/freescale/kds_v3/toolchain/bin/../lib/gcc/arm-none-eabi/4.8.4/armv7e-m/fpu/crtn.o
                0x20030000                _estack = 0x20030000
                0x20030000                __SP_INIT = _estack
                0x20030000                __stack = _estack
                0x00000000                __heap_size = 0x0
                0x00000400                __stack_size = 0x400

.interrupts     0x00000000      0x198
                0x00000000                __vector_table = .
                0x00000000                . = ALIGN (0x4)
 *(.vectortable)
 .vectortable   0x00000000      0x198 ./Static_Code/System/Vectors.o
                0x00000000                __vect_table
                0x00000198                . = ALIGN (0x4)

.cfmprotect     0x00000400        0x0
                0x00000400                . = ALIGN (0x4)
 *(.cfmconfig)
                0x00000400                . = ALIGN (0x4)

.text           0x00000410     0x33bc
                0x00000410                . = ALIGN (0x4)
 *(.text)
 .text          0x00000410       0x54 c:/freescale/kds_v3/toolchain/bin/../lib/gcc/arm-none-eabi/4.8.4/armv7e-m/fpu/crtbegin.o
 .text          0x00000464       0x74 c:/freescale/kds_v3/toolchain/bin/../lib/gcc/arm-none-eabi/4.8.4/../../../../arm-none-eabi/lib/armv7e-m/fpu/crt0.o
                0x00000464                _start
                0x00000464                _mainCRTStartup
 .text          0x000004d8      0x370 c:/freescale/kds_v3/toolchain/bin/../lib/gcc/arm-none-eabi/4.8.4/armv7e-m/fpu\libgcc.a(_arm_addsubdf3.o)
                0x000004d8                __aeabi_drsub
                0x000004e0                __aeabi_dsub
                0x000004e0                __subdf3
                0x000004e4                __aeabi_dadd
                0x000004e4                __adddf3
                0x0000075c                __floatunsidf
                0x0000075c                __aeabi_ui2d
                0x0000077c                __floatsidf
                0x0000077c                __aeabi_i2d
                0x000007a0                __aeabi_f2d
                0x000007a0                __extendsfdf2
                0x000007dc                __floatundidf
                0x000007dc                __aeabi_ul2d
                0x000007ec                __floatdidf
                0x000007ec                __aeabi_l2d
 .text          0x00000848      0x424 c:/freescale/kds_v3/toolchain/bin/../lib/gcc/arm-none-eabi/4.8.4/armv7e-m/fpu\libgcc.a(_arm_muldivdf3.o)
                0x00000848                __aeabi_dmul
                0x00000848                __muldf3
                0x00000a9c                __divdf3
                0x00000a9c                __aeabi_ddiv
 .text          0x00000c6c       0xa0 c:/freescale/kds_v3/toolchain/bin/../lib/gcc/arm-none-eabi/4.8.4/armv7e-m/fpu\libgcc.a(_arm_truncdfsf2.o)
                0x00000c6c                __truncdfsf2
                0x00000c6c                __aeabi_d2f
 *(.text*)
 .text.CPU_SetBASEPRI
                0x00000d0c       0x18 ./Static_Code/System/CPU_Init.o
                0x00000d0c                CPU_SetBASEPRI
 .text.__init_hardware
                0x00000d24       0xdc ./Static_Code/System/CPU_Init.o
                0x00000d24                __init_hardware
 .text.PE_low_level_init
                0x00000e00       0x10 ./Static_Code/System/CPU_Init.o
                0x00000e00                PE_low_level_init
 .text.CPU_GetClockGenMode
                0x00000e10       0x90 ./Static_Code/System/CPU_Init.o
                0x00000e10                CPU_GetClockGenMode
 .text.CPU_SetClockConfigGenMode
                0x00000ea0      0x54c ./Static_Code/System/CPU_Init.o
                0x00000ea0                CPU_SetClockConfigGenMode
 .text.CPU_GetClockConfiguration
                0x000013ec       0x18 ./Static_Code/System/CPU_Init.o
                0x000013ec                CPU_GetClockConfiguration
 .text.UnhandledInterrupt
                0x00001404       0x18 ./Static_Code/System/Vectors.o
                0x00001404                UnhandledInterrupt
 .text.Drv_ADS1299_initialize
                0x0000141c       0x14 ./Sources/Drv_ADS1299.o
                0x0000141c                Drv_ADS1299_initialize
 .text.Drv_ADS1299_initialize_ads
                0x00001430      0x134 ./Sources/Drv_ADS1299.o
                0x00001430                Drv_ADS1299_initialize_ads
 .text.Drv_ADS1299_csLow
                0x00001564       0x30 ./Sources/Drv_ADS1299.o
                0x00001564                Drv_ADS1299_csLow
 .text.Drv_ADS1299_csHigh
                0x00001594       0x30 ./Sources/Drv_ADS1299.o
                0x00001594                Drv_ADS1299_csHigh
 .text.Drv_ADS1299_xfer
                0x000015c4       0x20 ./Sources/Drv_ADS1299.o
                0x000015c4                Drv_ADS1299_xfer
 .text.Drv_ADS1299_RESET
                0x000015e4       0x24 ./Sources/Drv_ADS1299.o
                0x000015e4                Drv_ADS1299_RESET
 .text.Drv_ADS1299_SDATAC
                0x00001608       0x2c ./Sources/Drv_ADS1299.o
                0x00001608                Drv_ADS1299_SDATAC
 .text.Drv_ADS1299_RDATA
                0x00001634       0xf4 ./Sources/Drv_ADS1299.o
                0x00001634                Drv_ADS1299_RDATA
 .text.Drv_ADS1299_RREG
                0x00001728       0x54 ./Sources/Drv_ADS1299.o
                0x00001728                Drv_ADS1299_RREG
 .text.Drv_ADS1299_WREG
                0x0000177c       0x50 ./Sources/Drv_ADS1299.o
                0x0000177c                Drv_ADS1299_WREG
 .text.Drv_ADS1299_writeOneChannelSettings
                0x000017cc      0x298 ./Sources/Drv_ADS1299.o
                0x000017cc                Drv_ADS1299_writeOneChannelSettings
 .text.Drv_ADS1299_writeAllChannelSettings
                0x00001a64       0x2c ./Sources/Drv_ADS1299.o
                0x00001a64                Drv_ADS1299_writeAllChannelSettings
 .text.Drv_ADS1299_deactivateChannel
                0x00001a90      0x110 ./Sources/Drv_ADS1299.o
                0x00001a90                Drv_ADS1299_deactivateChannel
 .text.Drv_ADS1299_constrain
                0x00001ba0       0x40 ./Sources/Drv_ADS1299.o
                0x00001ba0                Drv_ADS1299_constrain
 .text.Drv_ADS1299_isDataAvailable
                0x00001be0       0x1c ./Sources/Drv_ADS1299.o
                0x00001be0                Drv_ADS1299_isDataAvailable
 .text.Drv_ADS1299_resetADS
                0x00001bfc       0x60 ./Sources/Drv_ADS1299.o
                0x00001bfc                Drv_ADS1299_resetADS
 .text.Drv_ADS1299_getboardData
                0x00001c5c       0x40 ./Sources/Drv_ADS1299.o
                0x00001c5c                Drv_ADS1299_getboardData
 .text.Drv_Devices_startFromScratch
                0x00001c9c       0x18 ./Sources/Drv_Devices.o
                0x00001c9c                Drv_Devices_startFromScratch
 .text.Drv_GPIO_init
                0x00001cb4        0xc ./Sources/Drv_GPIO.o
                0x00001cb4                Drv_GPIO_init
 .text.Drv_GPIO_FRDM_init
                0x00001cc0       0x18 ./Sources/Drv_GPIO.o
                0x00001cc0                Drv_GPIO_FRDM_init
 .text.Drv_GPIO_FRDM_setup
                0x00001cd8       0x98 ./Sources/Drv_GPIO.o
                0x00001cd8                Drv_GPIO_FRDM_setup
 .text.Drv_GPIO_getPinState
                0x00001d70       0x20 ./Sources/Drv_GPIO.o
                0x00001d70                Drv_GPIO_getPinState
 .text.Drv_SSP_init
                0x00001d90        0xc ./Sources/Drv_SSP.o
                0x00001d90                Drv_SSP_init
 .text.Drv_SSP_WriteRead
                0x00001d9c       0x60 ./Sources/Drv_SSP.o
                0x00001d9c                Drv_SSP_WriteRead
 .text.Cpu_OnNMI
                0x00001dfc        0xc ./Sources/Events.o
                0x00001dfc                Cpu_OnNMI
 .text.main     0x00001e08      0x138 ./Sources/main.o
                0x00001e08                main
 .text.__copy_rom_section
                0x00001f40       0xe4 ./Project_Settings/Startup_Code/startup.o
                0x00001f40                __copy_rom_section
 .text.__copy_rom_sections_to_ram
                0x00002024       0x9c ./Project_Settings/Startup_Code/startup.o
                0x00002024                __copy_rom_sections_to_ram
 .text.__init_registers
                0x000020c0       0x20 ./Project_Settings/Startup_Code/startup.o
                0x000020c0                __init_registers
 .text.__init_user
                0x000020e0        0xc ./Project_Settings/Startup_Code/startup.o
                0x000020e0                __init_user
 .text.__thumb_startup
                0x000020ec       0x34 ./Project_Settings/Startup_Code/startup.o
                0x000020ec                __thumb_startup
 .text.ASerialLdd1_Init
                0x00002120      0x110 ./Generated_Code/ASerialLdd1.o
                0x00002120                ASerialLdd1_Init
 .text.ASerialLdd1_Enable
                0x00002230       0x38 ./Generated_Code/ASerialLdd1.o
                0x00002230                ASerialLdd1_Enable
 .text.ASerialLdd1_Disable
                0x00002268       0x38 ./Generated_Code/ASerialLdd1.o
                0x00002268                ASerialLdd1_Disable
 .text.ASerialLdd1_SendBlock
                0x000022a0       0x70 ./Generated_Code/ASerialLdd1.o
                0x000022a0                ASerialLdd1_SendBlock
 .text.HWEnDi   0x00002310       0x94 ./Generated_Code/ASerialLdd1.o
 .text.InterruptRx
                0x000023a4       0x50 ./Generated_Code/ASerialLdd1.o
 .text.InterruptTx
                0x000023f4       0x60 ./Generated_Code/ASerialLdd1.o
 .text.ASerialLdd1_Main
                0x00002454       0xd8 ./Generated_Code/ASerialLdd1.o
                0x00002454                ASerialLdd1_Main
 .text.ASerialLdd1_SetClockConfiguration
                0x0000252c       0x68 ./Generated_Code/ASerialLdd1.o
                0x0000252c                ASerialLdd1_SetClockConfiguration
 .text.CS_SPI_Init
                0x00002594       0x80 ./Generated_Code/CS_SPI.o
                0x00002594                CS_SPI_Init
 .text.CS_SPI_PutVal
                0x00002614       0x30 ./Generated_Code/CS_SPI.o
                0x00002614                CS_SPI_PutVal
 .text.CS_SPI_SetVal
                0x00002644       0x1c ./Generated_Code/CS_SPI.o
                0x00002644                CS_SPI_SetVal
 .text.Components_Init
                0x00002660       0x34 ./Generated_Code/Cpu.o
                0x00002660                Components_Init
 .text.Cpu_INT_NMIInterrupt
                0x00002694       0x1c ./Generated_Code/Cpu.o
                0x00002694                Cpu_INT_NMIInterrupt
 .text.DRDY_Init
                0x000026b0       0x74 ./Generated_Code/DRDY.o
                0x000026b0                DRDY_Init
 .text.DRDY_GetVal
                0x00002724       0x30 ./Generated_Code/DRDY.o
                0x00002724                DRDY_GetVal
 .text.HWEnDi   0x00002754       0x2c ./Generated_Code/Inhr1.o
 .text.Inhr1_SendChar
                0x00002780       0x6c ./Generated_Code/Inhr1.o
                0x00002780                Inhr1_SendChar
 .text.Inhr1_Init
                0x000027ec       0x30 ./Generated_Code/Inhr1.o
                0x000027ec                Inhr1_Init
 .text.ASerialLdd1_OnBreak
                0x0000281c       0x24 ./Generated_Code/Inhr1.o
                0x0000281c                ASerialLdd1_OnBreak
 .text.LED_ON_Init
                0x00002840       0x80 ./Generated_Code/LED_ON.o
                0x00002840                LED_ON_Init
 .text.LED_ON_PutVal
                0x000028c0       0x34 ./Generated_Code/LED_ON.o
                0x000028c0                LED_ON_PutVal
 .text.PWDN_Init
                0x000028f4       0x80 ./Generated_Code/PWDN.o
                0x000028f4                PWDN_Init
 .text.PWDN_PutVal
                0x00002974       0x30 ./Generated_Code/PWDN.o
                0x00002974                PWDN_PutVal
 .text.PWDN_SetVal
                0x000029a4       0x1c ./Generated_Code/PWDN.o
                0x000029a4                PWDN_SetVal
 .text.RESET_Init
                0x000029c0       0x80 ./Generated_Code/RESET.o
                0x000029c0                RESET_Init
 .text.RESET_PutVal
                0x00002a40       0x30 ./Generated_Code/RESET.o
                0x00002a40                RESET_PutVal
 .text.RESET_SetVal
                0x00002a70       0x1c ./Generated_Code/RESET.o
                0x00002a70                RESET_SetVal
 .text.HWEnDi   0x00002a8c       0x7c ./Generated_Code/SM1.o
 .text.SM1_Enable
                0x00002b08       0x30 ./Generated_Code/SM1.o
                0x00002b08                SM1_Enable
 .text.SM1_RecvChar
                0x00002b38       0x60 ./Generated_Code/SM1.o
                0x00002b38                SM1_RecvChar
 .text.SM1_SendChar
                0x00002b98       0xa0 ./Generated_Code/SM1.o
                0x00002b98                SM1_SendChar
 .text.SM1_GetCharsInRxBuf
                0x00002c38       0x2c ./Generated_Code/SM1.o
                0x00002c38                SM1_GetCharsInRxBuf
 .text.SM1_GetCharsInTxBuf
                0x00002c64       0x4c ./Generated_Code/SM1.o
                0x00002c64                SM1_GetCharsInTxBuf
 .text.SM1_Init
                0x00002cb0       0x48 ./Generated_Code/SM1.o
                0x00002cb0                SM1_Init
 .text.SMasterLdd1_OnBlockReceived
                0x00002cf8       0x14 ./Generated_Code/SM1.o
                0x00002cf8                SMasterLdd1_OnBlockReceived
 .text.SMasterLdd1_OnBlockSent
                0x00002d0c       0x24 ./Generated_Code/SM1.o
                0x00002d0c                SMasterLdd1_OnBlockSent
 .text.SMasterLdd1_Init
                0x00002d30      0x118 ./Generated_Code/SMasterLdd1.o
                0x00002d30                SMasterLdd1_Init
 .text.SMasterLdd1_Enable
                0x00002e48       0x34 ./Generated_Code/SMasterLdd1.o
                0x00002e48                SMasterLdd1_Enable
 .text.SMasterLdd1_Disable
                0x00002e7c       0x34 ./Generated_Code/SMasterLdd1.o
                0x00002e7c                SMasterLdd1_Disable
 .text.SMasterLdd1_ReceiveBlock
                0x00002eb0       0x98 ./Generated_Code/SMasterLdd1.o
                0x00002eb0                SMasterLdd1_ReceiveBlock
 .text.SMasterLdd1_SendBlock
                0x00002f48       0x98 ./Generated_Code/SMasterLdd1.o
                0x00002f48                SMasterLdd1_SendBlock
 .text.SMasterLdd1_GetReceivedDataNum
                0x00002fe0       0x18 ./Generated_Code/SMasterLdd1.o
                0x00002fe0                SMasterLdd1_GetReceivedDataNum
 .text.SMasterLdd1_Main
                0x00002ff8      0x100 ./Generated_Code/SMasterLdd1.o
                0x00002ff8                SMasterLdd1_Main
 .text.HWEnDi   0x000030f8       0x94 ./Generated_Code/SMasterLdd1.o
 .text.SMasterLdd1_SetClockConfiguration
                0x0000318c       0x40 ./Generated_Code/SMasterLdd1.o
                0x0000318c                SMasterLdd1_SetClockConfiguration
 .text.START_Init
                0x000031cc       0x80 ./Generated_Code/START.o
                0x000031cc                START_Init
 .text.START_PutVal
                0x0000324c       0x30 ./Generated_Code/START.o
                0x0000324c                START_PutVal
 .text.Term1_SendChar
                0x0000327c       0x20 ./Generated_Code/Term1.o
                0x0000327c                Term1_SendChar
 .text.Term1_CRLF
                0x0000329c       0x24 ./Generated_Code/Term1.o
                0x0000329c                Term1_CRLF
 .text.FloatToStr
                0x000032c0      0x1d4 ./Generated_Code/Term1.o
 .text.Term1_SendFloatNum
                0x00003494       0x68 ./Generated_Code/Term1.o
                0x00003494                Term1_SendFloatNum
 .text.WAIT1_Wait10Cycles
                0x000034fc        0x8 ./Generated_Code/WAIT1.o
                0x000034fc                WAIT1_Wait10Cycles
 .text.WAIT1_Wait100Cycles
                0x00003504       0x1c ./Generated_Code/WAIT1.o
                0x00003504                WAIT1_Wait100Cycles
 .text.WAIT1_WaitCycles
                0x00003520       0x34 ./Generated_Code/WAIT1.o
                0x00003520                WAIT1_WaitCycles
 .text.WAIT1_WaitLongCycles
                0x00003554       0x38 ./Generated_Code/WAIT1.o
                0x00003554                WAIT1_WaitLongCycles
 .text.WAIT1_Waitms
                0x0000358c       0x2c ./Generated_Code/WAIT1.o
                0x0000358c                WAIT1_Waitms
 .text.exit     0x000035b8       0x28 c:/freescale/kds_v3/toolchain/bin/../lib/gcc/arm-none-eabi/4.8.4/../../../../arm-none-eabi/lib/armv7e-m/fpu\libg_s.a(lib_a-exit.o)
                0x000035b8                exit
 .text.__libc_init_array
                0x000035e0       0x4c c:/freescale/kds_v3/toolchain/bin/../lib/gcc/arm-none-eabi/4.8.4/../../../../arm-none-eabi/lib/armv7e-m/fpu\libg_s.a(lib_a-init.o)
                0x000035e0                __libc_init_array
 .text.memset   0x0000362c       0x10 c:/freescale/kds_v3/toolchain/bin/../lib/gcc/arm-none-eabi/4.8.4/../../../../arm-none-eabi/lib/armv7e-m/fpu\libg_s.a(lib_a-memset.o)
                0x0000362c                memset
 .text._exit    0x0000363c        0x4 c:/freescale/kds_v3/toolchain/bin/../lib/gcc/arm-none-eabi/4.8.4/../../../../arm-none-eabi/lib/armv7e-m/fpu\libnosys.a(_exit.o)
                0x0000363c                _exit
 *(.rodata)
 *(.rodata*)
 .rodata.ClockGenModeMatrix
                0x00003640       0x80 ./Static_Code/System/CPU_Init.o
 .rodata.CPU_ClockConfigDescriptors
                0x000036c0       0x8c ./Static_Code/System/CPU_Init.o
 .rodata.CPU_DefaultFEI
                0x0000374c        0x8 ./Static_Code/System/CPU_Init.o
 .rodata.CPU_DefaultFBI
                0x00003754        0x8 ./Static_Code/System/CPU_Init.o
 .rodata.CPU_DefaultBLPI
                0x0000375c        0x8 ./Static_Code/System/CPU_Init.o
 .rodata.CPU_DefaultFEE
                0x00003764        0x8 ./Static_Code/System/CPU_Init.o
 .rodata.CPU_DefaultFBE
                0x0000376c        0x8 ./Static_Code/System/CPU_Init.o
 .rodata.CPU_DefaultBLPE
                0x00003774        0x8 ./Static_Code/System/CPU_Init.o
 .rodata.CPU_DefaultPBE
                0x0000377c        0x8 ./Static_Code/System/CPU_Init.o
 .rodata.CPU_DefaultPEE
                0x00003784        0x8 ./Static_Code/System/CPU_Init.o
 .rodata.CPU_ClockGenModeRegs
                0x0000378c       0x20 ./Static_Code/System/CPU_Init.o
 .rodata.str1.1
                0x000037ac        0x2 c:/freescale/kds_v3/toolchain/bin/../lib/gcc/arm-none-eabi/4.8.4/../../../../arm-none-eabi/lib/armv7e-m/fpu\libg_s.a(lib_a-impure.o)
 *fill*         0x000037ae        0x2 
 .rodata._global_impure_ptr
                0x000037b0        0x4 c:/freescale/kds_v3/toolchain/bin/../lib/gcc/arm-none-eabi/4.8.4/../../../../arm-none-eabi/lib/armv7e-m/fpu\libg_s.a(lib_a-impure.o)
                0x000037b0                _global_impure_ptr
 *(.glue_7)
 .glue_7        0x00000000        0x0 linker stubs
 *(.glue_7t)
 .glue_7t       0x00000000        0x0 linker stubs
 *(.eh_frame)
 .eh_frame      0x000037b4        0x0 c:/freescale/kds_v3/toolchain/bin/../lib/gcc/arm-none-eabi/4.8.4/armv7e-m/fpu/crtbegin.o
 *(.init)
 .init          0x000037b4        0x4 c:/freescale/kds_v3/toolchain/bin/../lib/gcc/arm-none-eabi/4.8.4/armv7e-m/fpu/crti.o
                0x000037b4                _init
 .init          0x000037b8        0x8 c:/freescale/kds_v3/toolchain/bin/../lib/gcc/arm-none-eabi/4.8.4/armv7e-m/fpu/crtn.o
 *(.fini)
 .fini          0x000037c0        0x4 c:/freescale/kds_v3/toolchain/bin/../lib/gcc/arm-none-eabi/4.8.4/armv7e-m/fpu/crti.o
                0x000037c0                _fini
 .fini          0x000037c4        0x8 c:/freescale/kds_v3/toolchain/bin/../lib/gcc/arm-none-eabi/4.8.4/armv7e-m/fpu/crtn.o
                0x000037cc                . = ALIGN (0x4)
                0x000037cc                _etext = .

.vfp11_veneer   0x000037cc        0x0
 .vfp11_veneer  0x00000000        0x0 linker stubs

.v4_bx          0x000037cc        0x0
 .v4_bx         0x00000000        0x0 linker stubs

.iplt           0x000037cc        0x0
 .iplt          0x00000000        0x0 c:/freescale/kds_v3/toolchain/bin/../lib/gcc/arm-none-eabi/4.8.4/armv7e-m/fpu/crtbegin.o

.ARM.extab
 *(.ARM.extab* .gnu.linkonce.armextab.*)

.ARM            0x000037cc        0x8
                0x000037cc                __exidx_start = .
 *(.ARM.exidx*)
 .ARM.exidx     0x000037cc        0x8 c:/freescale/kds_v3/toolchain/bin/../lib/gcc/arm-none-eabi/4.8.4/../../../../arm-none-eabi/lib/armv7e-m/fpu/crt0.o
                0x000037d4                __exidx_end = .

.rel.dyn        0x000037d4        0x0
 .rel.iplt      0x00000000        0x0 c:/freescale/kds_v3/toolchain/bin/../lib/gcc/arm-none-eabi/4.8.4/armv7e-m/fpu/crtbegin.o

.ctors          0x000037d4        0x0
                0x000037d4                __CTOR_LIST__ = .
 *crtbegin.o(.ctors)
 *(EXCLUDE_FILE(*crtend.o) .ctors)
 *(SORT(.ctors.*))
 *(.ctors)
                0x000037d4                __CTOR_END__ = .

.dtors          0x000037d4        0x0
                0x000037d4                __DTOR_LIST__ = .
 *crtbegin.o(.dtors)
 *(EXCLUDE_FILE(*crtend.o) .dtors)
 *(SORT(.dtors.*))
 *(.dtors)
                0x000037d4                __DTOR_END__ = .

.preinit_array  0x000037d4        0x0
                0x000037d4                PROVIDE (__preinit_array_start, .)
 *(.preinit_array*)
                0x000037d4                PROVIDE (__preinit_array_end, .)

.init_array     0x000037d4        0x4
                0x000037d4                PROVIDE (__init_array_start, .)
 *(SORT(.init_array.*))
 *(.init_array*)
 .init_array    0x000037d4        0x4 c:/freescale/kds_v3/toolchain/bin/../lib/gcc/arm-none-eabi/4.8.4/armv7e-m/fpu/crtbegin.o
                0x000037d8                PROVIDE (__init_array_end, .)

.fini_array     0x000037d8        0x4
                0x000037d8                PROVIDE (__fini_array_start, .)
 *(SORT(.fini_array.*))
 *(.fini_array*)
 .fini_array    0x000037d8        0x4 c:/freescale/kds_v3/toolchain/bin/../lib/gcc/arm-none-eabi/4.8.4/armv7e-m/fpu/crtbegin.o
                0x000037dc                PROVIDE (__fini_array_end, .)
                0x000037dc                ___ROM_AT = .

.data           0x20000000       0x60 load address 0x000037dc
                0x20000000                . = ALIGN (0x4)
                0x20000000                _sdata = .
 *(.data)
 *(.data*)
 .data.impure_data
                0x20000000       0x60 c:/freescale/kds_v3/toolchain/bin/../lib/gcc/arm-none-eabi/4.8.4/../../../../arm-none-eabi/lib/armv7e-m/fpu\libg_s.a(lib_a-impure.o)
                0x20000060                . = ALIGN (0x4)
                0x20000060                _edata = .
                0x00000060                ___data_size = (_edata - _sdata)
                0x0000383c                ___m_data_1FFF0000_ROMStart = (___ROM_AT + SIZEOF (.data))

.jcr            0x20000060        0x0 load address 0x0000383c
 .jcr           0x20000060        0x0 c:/freescale/kds_v3/toolchain/bin/../lib/gcc/arm-none-eabi/4.8.4/armv7e-m/fpu/crtbegin.o

.igot.plt       0x20000060        0x0 load address 0x0000383c
 .igot.plt      0x00000000        0x0 c:/freescale/kds_v3/toolchain/bin/../lib/gcc/arm-none-eabi/4.8.4/armv7e-m/fpu/crtbegin.o

.m_data_1FFF0000
                0x1fff0000        0x0 load address 0x0000383c
                0x1fff0000                . = ALIGN (0x4)
                0x1fff0000                ___m_data_1FFF0000_RAMStart = .
 *(.m_data_1FFF0000)
                0x1fff0000                ___m_data_1FFF0000_RAMEnd = .
                0x1fff0000                . = ALIGN (0x4)
                0x00000000                ___m_data_1FFF0000_ROMSize = (___m_data_1FFF0000_RAMEnd - ___m_data_1FFF0000_RAMStart)
                0x1fff0000                . = ALIGN (0x4)

.bss            0x20000060      0x2d4 load address 0x0000383c
                0x20000060                __START_BSS = .
                0x20000060                PROVIDE (__bss_start__, __START_BSS)
 *(.bss)
 .bss           0x20000060       0x1c c:/freescale/kds_v3/toolchain/bin/../lib/gcc/arm-none-eabi/4.8.4/armv7e-m/fpu/crtbegin.o
 *(.bss*)
 .bss.SR_lock   0x2000007c        0x1 ./Static_Code/System/CPU_Init.o
                0x2000007c                SR_lock
 .bss.ClockConfigurationID
                0x2000007d        0x1 ./Static_Code/System/CPU_Init.o
                0x2000007d                ClockConfigurationID
 .bss.firstDataPacket
                0x2000007e        0x1 ./Sources/Drv_ADS1299.o
                0x2000007e                firstDataPacket
 .bss.slavePresent
                0x2000007f        0x1 ./Sources/Drv_ADS1299.o
                0x2000007f                slavePresent
 .bss.boardUseSRB1
                0x20000080        0x1 ./Sources/Drv_ADS1299.o
                0x20000080                boardUseSRB1
 .bss.slaveUseSRB1
                0x20000081        0x1 ./Sources/Drv_ADS1299.o
                0x20000081                slaveUseSRB1
 .bss.numChannels
                0x20000082        0x1 ./Sources/Drv_ADS1299.o
                0x20000082                numChannels
 *fill*         0x20000083        0x1 
 .bss.boardStat
                0x20000084        0x4 ./Sources/Drv_ADS1299.o
                0x20000084                boardStat
 .bss.is_running
                0x20000088        0x1 ./Sources/Drv_Devices.o
                0x20000088                is_running
 *fill*         0x20000089        0x3 
 .bss.DeviceDataPrv__DEFAULT_RTOS_ALLOC
                0x2000008c       0x20 ./Generated_Code/ASerialLdd1.o
 .bss.DeviceDataPrv__DEFAULT_RTOS_ALLOC
                0x200000ac        0x4 ./Generated_Code/CS_SPI.o
 .bss.DeviceDataPrv__DEFAULT_RTOS_ALLOC
                0x200000b0        0x4 ./Generated_Code/DRDY.o
 .bss.EnMode    0x200000b4        0x1 ./Generated_Code/Inhr1.o
 *fill*         0x200000b5        0x1 
 .bss.SerFlag   0x200000b6        0x2 ./Generated_Code/Inhr1.o
 .bss.OutBuffer
                0x200000b8        0x1 ./Generated_Code/Inhr1.o
 *fill*         0x200000b9        0x3 
 .bss.DeviceDataPrv__DEFAULT_RTOS_ALLOC
                0x200000bc        0x4 ./Generated_Code/LED_ON.o
 .bss.PE_LDD_DeviceDataList
                0x200000c0       0x20 ./Generated_Code/PE_LDD.o
                0x200000c0                PE_LDD_DeviceDataList
 .bss.DeviceDataPrv__DEFAULT_RTOS_ALLOC
                0x200000e0        0x4 ./Generated_Code/PWDN.o
 .bss.DeviceDataPrv__DEFAULT_RTOS_ALLOC
                0x200000e4        0x4 ./Generated_Code/RESET.o
 .bss.EnUser    0x200000e8        0x1 ./Generated_Code/SM1.o
 .bss.EnMode    0x200000e9        0x1 ./Generated_Code/SM1.o
 .bss.SerFlag   0x200000ea        0x1 ./Generated_Code/SM1.o
 .bss.BufferRead
                0x200000eb        0x1 ./Generated_Code/SM1.o
 .bss.OutBuffer
                0x200000ec        0x1 ./Generated_Code/SM1.o
 *fill*         0x200000ed        0x3 
 .bss.DeviceDataPrv__DEFAULT_RTOS_ALLOC
                0x200000f0       0x24 ./Generated_Code/SMasterLdd1.o
 .bss.DeviceDataPrv__DEFAULT_RTOS_ALLOC
                0x20000114        0x4 ./Generated_Code/START.o
 *(COMMON)
 COMMON         0x20000118        0x1 ./Static_Code/System/CPU_Init.o
                0x20000118                SR_reg
 *fill*         0x20000119        0x3 
 COMMON         0x2000011c      0x210 ./Sources/Drv_ADS1299.o
                0x2000011c                lastSlaveChannelData
                0x2000013c                lastBoardChannelData
                0x2000015c                meanBoardChannelData
                0x2000017c                boardChannelData
                0x2000019c                lastBoardDataRaw
                0x200001b4                leadOffSettings
                0x200001d4                boardChannelDataRaw
                0x200001ec                meanBoardDataRaw
                0x20000204                regData
                0x2000021c                lastSlaveDataRaw
                0x20000234                meanSlaveDataRaw
                0x2000024c                slaveChannelData
                0x2000026c                meanSlaveChannelData
                0x2000028c                defaultChannelSettings
                0x20000294                useInBias
                0x200002a4                slaveChannelDataRaw
                0x200002bc                useSRB2
                0x200002cc                channelSettings
 COMMON         0x2000032c        0x4 ./Generated_Code/Inhr1.o
                0x2000032c                ASerialLdd1_DeviceDataPtr
 COMMON         0x20000330        0x4 ./Generated_Code/SM1.o
                0x20000330                SMasterLdd1_DeviceDataPtr
                0x20000334                . = ALIGN (0x4)
                0x20000334                __END_BSS = .
                0x20000334                PROVIDE (__bss_end__, __END_BSS)
                0x0000383c                _romp_at = ((___ROM_AT + SIZEOF (.data)) + SIZEOF (.m_data_1FFF0000))

.romp           0x20000334       0x24 load address 0x0000383c
                0x0000383c                __S_romp = _romp_at
                0x20000334        0x4 LONG 0x37dc ___ROM_AT
                0x20000338        0x4 LONG 0x20000000 _sdata
                0x2000033c        0x4 LONG 0x60 ___data_size
                0x20000340        0x4 LONG 0x383c ___m_data_1FFF0000_ROMStart
                0x20000344        0x4 LONG 0x1fff0000 ___m_data_1FFF0000_RAMStart
                0x20000348        0x4 LONG 0x0 ___m_data_1FFF0000_ROMSize
                0x2000034c        0x4 LONG 0x0
                0x20000350        0x4 LONG 0x0
                0x20000354        0x4 LONG 0x0
                0x00100000                text_end = (ORIGIN (m_text) + 0xffbf0)
                0x00003860                data_init_end = ((___m_data_1FFF0000_ROMStart + SIZEOF (.m_data_1FFF0000)) + SIZEOF (.romp))
                0x00000001                ASSERT ((data_init_end <= text_end), region m_text overflowed with text and data)

._user_heap_stack
                0x20000358      0x400 load address 0x00003860
                0x20000358                . = ALIGN (0x4)
                0x20000358                PROVIDE (end, .)
                0x20000358                PROVIDE (_end, .)
                0x20000358                PROVIDE (__end__, .)
                0x20000358                __heap_addr = .
                0x20000358                __HeapBase = .
                0x20000358                . = (. + __heap_size)
                0x20000358                __HeapLimit = .
                0x20000758                . = (. + __stack_size)
 *fill*         0x20000358      0x400 
                0x20000758                . = ALIGN (0x4)

.ARM.attributes
                0x00000000       0x30
 *(.ARM.attributes)
 .ARM.attributes
                0x00000000       0x22 c:/freescale/kds_v3/toolchain/bin/../lib/gcc/arm-none-eabi/4.8.4/armv7e-m/fpu/crti.o
 .ARM.attributes
                0x00000022       0x34 c:/freescale/kds_v3/toolchain/bin/../lib/gcc/arm-none-eabi/4.8.4/armv7e-m/fpu/crtbegin.o
 .ARM.attributes
                0x00000056       0x20 c:/freescale/kds_v3/toolchain/bin/../lib/gcc/arm-none-eabi/4.8.4/../../../../arm-none-eabi/lib/armv7e-m/fpu/crt0.o
 .ARM.attributes
                0x00000076       0x39 ./Static_Code/System/CPU_Init.o
 .ARM.attributes
                0x000000af       0x39 ./Static_Code/System/Vectors.o
 .ARM.attributes
                0x000000e8       0x39 ./Sources/Drv_ADS1299.o
 .ARM.attributes
                0x00000121       0x39 ./Sources/Drv_Devices.o
 .ARM.attributes
                0x0000015a       0x39 ./Sources/Drv_GPIO.o
 .ARM.attributes
                0x00000193       0x39 ./Sources/Drv_SSP.o
 .ARM.attributes
                0x000001cc       0x39 ./Sources/Events.o
 .ARM.attributes
                0x00000205       0x39 ./Sources/main.o
 .ARM.attributes
                0x0000023e       0x39 ./Project_Settings/Startup_Code/startup.o
 .ARM.attributes
                0x00000277       0x39 ./Generated_Code/ASerialLdd1.o
 .ARM.attributes
                0x000002b0       0x39 ./Generated_Code/CS_SPI.o
 .ARM.attributes
                0x000002e9       0x39 ./Generated_Code/Cpu.o
 .ARM.attributes
                0x00000322       0x39 ./Generated_Code/DRDY.o
 .ARM.attributes
                0x0000035b       0x39 ./Generated_Code/Inhr1.o
 .ARM.attributes
                0x00000394       0x39 ./Generated_Code/LED_ON.o
 .ARM.attributes
                0x000003cd       0x39 ./Generated_Code/PE_LDD.o
 .ARM.attributes
                0x00000406       0x39 ./Generated_Code/PWDN.o
 .ARM.attributes
                0x0000043f       0x39 ./Generated_Code/RESET.o
 .ARM.attributes
                0x00000478       0x39 ./Generated_Code/SM1.o
 .ARM.attributes
                0x000004b1       0x39 ./Generated_Code/SMasterLdd1.o
 .ARM.attributes
                0x000004ea       0x39 ./Generated_Code/START.o
 .ARM.attributes
                0x00000523       0x39 ./Generated_Code/Term1.o
 .ARM.attributes
                0x0000055c       0x39 ./Generated_Code/WAIT1.o
 .ARM.attributes
                0x00000595       0x22 c:/freescale/kds_v3/toolchain/bin/../lib/gcc/arm-none-eabi/4.8.4/armv7e-m/fpu\libgcc.a(_arm_addsubdf3.o)
 .ARM.attributes
                0x000005b7       0x22 c:/freescale/kds_v3/toolchain/bin/../lib/gcc/arm-none-eabi/4.8.4/armv7e-m/fpu\libgcc.a(_arm_muldivdf3.o)
 .ARM.attributes
                0x000005d9       0x22 c:/freescale/kds_v3/toolchain/bin/../lib/gcc/arm-none-eabi/4.8.4/armv7e-m/fpu\libgcc.a(_arm_truncdfsf2.o)
 .ARM.attributes
                0x000005fb       0x34 c:/freescale/kds_v3/toolchain/bin/../lib/gcc/arm-none-eabi/4.8.4/../../../../arm-none-eabi/lib/armv7e-m/fpu\libg_s.a(lib_a-exit.o)
 .ARM.attributes
                0x0000062f       0x34 c:/freescale/kds_v3/toolchain/bin/../lib/gcc/arm-none-eabi/4.8.4/../../../../arm-none-eabi/lib/armv7e-m/fpu\libg_s.a(lib_a-impure.o)
 .ARM.attributes
                0x00000663       0x34 c:/freescale/kds_v3/toolchain/bin/../lib/gcc/arm-none-eabi/4.8.4/../../../../arm-none-eabi/lib/armv7e-m/fpu\libg_s.a(lib_a-init.o)
 .ARM.attributes
                0x00000697       0x34 c:/freescale/kds_v3/toolchain/bin/../lib/gcc/arm-none-eabi/4.8.4/../../../../arm-none-eabi/lib/armv7e-m/fpu\libg_s.a(lib_a-memset.o)
 .ARM.attributes
                0x000006cb       0x34 c:/freescale/kds_v3/toolchain/bin/../lib/gcc/arm-none-eabi/4.8.4/../../../../arm-none-eabi/lib/armv7e-m/fpu\libnosys.a(_exit.o)
 .ARM.attributes
                0x000006ff       0x22 c:/freescale/kds_v3/toolchain/bin/../lib/gcc/arm-none-eabi/4.8.4/armv7e-m/fpu/crtn.o
OUTPUT(Luxometer.elf elf32-littlearm)

.debug_info     0x00000000     0x6c79
 .debug_info    0x00000000      0xbe7 ./Static_Code/System/CPU_Init.o
 .debug_info    0x00000be7      0x826 ./Static_Code/System/Vectors.o
 .debug_info    0x0000140d      0xce5 ./Sources/Drv_ADS1299.o
 .debug_info    0x000020f2      0x636 ./Sources/Drv_Devices.o
 .debug_info    0x00002728      0x225 ./Sources/Drv_GPIO.o
 .debug_info    0x0000294d      0x10e ./Sources/Drv_SSP.o
 .debug_info    0x00002a5b       0x96 ./Sources/Events.o
 .debug_info    0x00002af1      0x118 ./Sources/main.o
 .debug_info    0x00002c09      0x3b0 ./Project_Settings/Startup_Code/startup.o
 .debug_info    0x00002fb9      0x97a ./Generated_Code/ASerialLdd1.o
 .debug_info    0x00003933      0x511 ./Generated_Code/CS_SPI.o
 .debug_info    0x00003e44       0xa7 ./Generated_Code/Cpu.o
 .debug_info    0x00003eeb      0x497 ./Generated_Code/DRDY.o
 .debug_info    0x00004382      0x26f ./Generated_Code/Inhr1.o
 .debug_info    0x000045f1      0x511 ./Generated_Code/LED_ON.o
 .debug_info    0x00004b02      0x251 ./Generated_Code/PE_LDD.o
 .debug_info    0x00004d53      0x511 ./Generated_Code/PWDN.o
 .debug_info    0x00005264      0x511 ./Generated_Code/RESET.o
 .debug_info    0x00005775      0x294 ./Generated_Code/SM1.o
 .debug_info    0x00005a09      0x83d ./Generated_Code/SMasterLdd1.o
 .debug_info    0x00006246      0x511 ./Generated_Code/START.o
 .debug_info    0x00006757      0x3da ./Generated_Code/Term1.o
 .debug_info    0x00006b31      0x148 ./Generated_Code/WAIT1.o

.debug_abbrev   0x00000000     0x1c99
 .debug_abbrev  0x00000000      0x1db ./Static_Code/System/CPU_Init.o
 .debug_abbrev  0x000001db       0xd8 ./Static_Code/System/Vectors.o
 .debug_abbrev  0x000002b3      0x1df ./Sources/Drv_ADS1299.o
 .debug_abbrev  0x00000492      0x1fb ./Sources/Drv_Devices.o
 .debug_abbrev  0x0000068d      0x108 ./Sources/Drv_GPIO.o
 .debug_abbrev  0x00000795       0x9e ./Sources/Drv_SSP.o
 .debug_abbrev  0x00000833       0x45 ./Sources/Events.o
 .debug_abbrev  0x00000878       0x7d ./Sources/main.o
 .debug_abbrev  0x000008f5      0x189 ./Project_Settings/Startup_Code/startup.o
 .debug_abbrev  0x00000a7e      0x1df ./Generated_Code/ASerialLdd1.o
 .debug_abbrev  0x00000c5d      0x15d ./Generated_Code/CS_SPI.o
 .debug_abbrev  0x00000dba       0x45 ./Generated_Code/Cpu.o
 .debug_abbrev  0x00000dff      0x134 ./Generated_Code/DRDY.o
 .debug_abbrev  0x00000f33      0x131 ./Generated_Code/Inhr1.o
 .debug_abbrev  0x00001064      0x15d ./Generated_Code/LED_ON.o
 .debug_abbrev  0x000011c1      0x127 ./Generated_Code/PE_LDD.o
 .debug_abbrev  0x000012e8      0x15d ./Generated_Code/PWDN.o
 .debug_abbrev  0x00001445      0x15d ./Generated_Code/RESET.o
 .debug_abbrev  0x000015a2      0x14d ./Generated_Code/SM1.o
 .debug_abbrev  0x000016ef      0x1e8 ./Generated_Code/SMasterLdd1.o
 .debug_abbrev  0x000018d7      0x15d ./Generated_Code/START.o
 .debug_abbrev  0x00001a34      0x1b4 ./Generated_Code/Term1.o
 .debug_abbrev  0x00001be8       0xb1 ./Generated_Code/WAIT1.o

.debug_aranges  0x00000000      0xb20
 .debug_aranges
                0x00000000       0x50 ./Static_Code/System/CPU_Init.o
 .debug_aranges
                0x00000050      0x340 ./Static_Code/System/Vectors.o
 .debug_aranges
                0x00000390      0x188 ./Sources/Drv_ADS1299.o
 .debug_aranges
                0x00000518       0xd8 ./Sources/Drv_Devices.o
 .debug_aranges
                0x000005f0       0x60 ./Sources/Drv_GPIO.o
 .debug_aranges
                0x00000650       0x38 ./Sources/Drv_SSP.o
 .debug_aranges
                0x00000688       0x20 ./Sources/Events.o
 .debug_aranges
                0x000006a8       0x20 ./Sources/main.o
 .debug_aranges
                0x000006c8       0x50 ./Project_Settings/Startup_Code/startup.o
 .debug_aranges
                0x00000718       0x78 ./Generated_Code/ASerialLdd1.o
 .debug_aranges
                0x00000790       0x40 ./Generated_Code/CS_SPI.o
 .debug_aranges
                0x000007d0       0x28 ./Generated_Code/Cpu.o
 .debug_aranges
                0x000007f8       0x28 ./Generated_Code/DRDY.o
 .debug_aranges
                0x00000820       0x50 ./Generated_Code/Inhr1.o
 .debug_aranges
                0x00000870       0x40 ./Generated_Code/LED_ON.o
 .debug_aranges
                0x000008b0       0x30 ./Generated_Code/PE_LDD.o
 .debug_aranges
                0x000008e0       0x40 ./Generated_Code/PWDN.o
 .debug_aranges
                0x00000920       0x40 ./Generated_Code/RESET.o
 .debug_aranges
                0x00000960       0x68 ./Generated_Code/SM1.o
 .debug_aranges
                0x000009c8       0x60 ./Generated_Code/SMasterLdd1.o
 .debug_aranges
                0x00000a28       0x40 ./Generated_Code/START.o
 .debug_aranges
                0x00000a68       0x78 ./Generated_Code/Term1.o
 .debug_aranges
                0x00000ae0       0x40 ./Generated_Code/WAIT1.o

.debug_ranges   0x00000000      0x9b0
 .debug_ranges  0x00000000       0x40 ./Static_Code/System/CPU_Init.o
 .debug_ranges  0x00000040      0x330 ./Static_Code/System/Vectors.o
 .debug_ranges  0x00000370      0x178 ./Sources/Drv_ADS1299.o
 .debug_ranges  0x000004e8       0xc8 ./Sources/Drv_Devices.o
 .debug_ranges  0x000005b0       0x50 ./Sources/Drv_GPIO.o
 .debug_ranges  0x00000600       0x28 ./Sources/Drv_SSP.o
 .debug_ranges  0x00000628       0x10 ./Sources/Events.o
 .debug_ranges  0x00000638       0x10 ./Sources/main.o
 .debug_ranges  0x00000648       0x40 ./Project_Settings/Startup_Code/startup.o
 .debug_ranges  0x00000688       0x68 ./Generated_Code/ASerialLdd1.o
 .debug_ranges  0x000006f0       0x30 ./Generated_Code/CS_SPI.o
 .debug_ranges  0x00000720       0x18 ./Generated_Code/Cpu.o
 .debug_ranges  0x00000738       0x18 ./Generated_Code/DRDY.o
 .debug_ranges  0x00000750       0x40 ./Generated_Code/Inhr1.o
 .debug_ranges  0x00000790       0x30 ./Generated_Code/LED_ON.o
 .debug_ranges  0x000007c0       0x20 ./Generated_Code/PE_LDD.o
 .debug_ranges  0x000007e0       0x30 ./Generated_Code/PWDN.o
 .debug_ranges  0x00000810       0x30 ./Generated_Code/RESET.o
 .debug_ranges  0x00000840       0x58 ./Generated_Code/SM1.o
 .debug_ranges  0x00000898       0x50 ./Generated_Code/SMasterLdd1.o
 .debug_ranges  0x000008e8       0x30 ./Generated_Code/START.o
 .debug_ranges  0x00000918       0x68 ./Generated_Code/Term1.o
 .debug_ranges  0x00000980       0x30 ./Generated_Code/WAIT1.o

.debug_macro    0x00000000    0x31b72
 .debug_macro   0x00000000      0x294 ./Static_Code/System/CPU_Init.o
 .debug_macro   0x00000294      0x850 ./Static_Code/System/CPU_Init.o
 .debug_macro   0x00000ae4       0x16 ./Static_Code/System/CPU_Init.o
 .debug_macro   0x00000afa       0x44 ./Static_Code/System/CPU_Init.o
 .debug_macro   0x00000b3e      0x209 ./Static_Code/System/CPU_Init.o
 .debug_macro   0x00000d47     0x17a6 ./Static_Code/System/CPU_Init.o
 .debug_macro   0x000024ed    0x110ae ./Static_Code/System/CPU_Init.o
 .debug_macro   0x0001359b      0x78e ./Static_Code/System/CPU_Init.o
 .debug_macro   0x00013d29      0x14e ./Static_Code/System/CPU_Init.o
 .debug_macro   0x00013e77       0x6a ./Static_Code/System/CPU_Init.o
 .debug_macro   0x00013ee1       0x58 ./Static_Code/System/CPU_Init.o
 .debug_macro   0x00013f39       0x35 ./Static_Code/System/CPU_Init.o
 .debug_macro   0x00013f6e       0xa3 ./Static_Code/System/CPU_Init.o
 .debug_macro   0x00014011       0x16 ./Static_Code/System/CPU_Init.o
 .debug_macro   0x00014027       0x10 ./Static_Code/System/CPU_Init.o
 .debug_macro   0x00014037       0x3d ./Static_Code/System/CPU_Init.o
 .debug_macro   0x00014074       0x94 ./Static_Code/System/CPU_Init.o
 .debug_macro   0x00014108      0x12c ./Static_Code/System/CPU_Init.o
 .debug_macro   0x00014234       0x40 ./Static_Code/System/CPU_Init.o
 .debug_macro   0x00014274       0x46 ./Static_Code/System/CPU_Init.o
 .debug_macro   0x000142ba       0x46 ./Static_Code/System/CPU_Init.o
 .debug_macro   0x00014300       0x46 ./Static_Code/System/CPU_Init.o
 .debug_macro   0x00014346       0x34 ./Static_Code/System/CPU_Init.o
 .debug_macro   0x0001437a       0x46 ./Static_Code/System/CPU_Init.o
 .debug_macro   0x000143c0       0x3d ./Static_Code/System/CPU_Init.o
 .debug_macro   0x000143fd      0x648 ./Static_Code/System/CPU_Init.o
 .debug_macro   0x00014a45       0x58 ./Static_Code/System/CPU_Init.o
 .debug_macro   0x00014a9d       0x17 ./Static_Code/System/CPU_Init.o
 .debug_macro   0x00014ab4       0x6c ./Static_Code/System/CPU_Init.o
 .debug_macro   0x00014b20       0x11 ./Static_Code/System/CPU_Init.o
 .debug_macro   0x00014b31      0x166 ./Static_Code/System/CPU_Init.o
 .debug_macro   0x00014c97       0x52 ./Static_Code/System/CPU_Init.o
 .debug_macro   0x00014ce9       0x16 ./Static_Code/System/CPU_Init.o
 .debug_macro   0x00014cff       0x43 ./Static_Code/System/CPU_Init.o
 .debug_macro   0x00014d42      0x180 ./Static_Code/System/CPU_Init.o
 .debug_macro   0x00014ec2      0x2a6 ./Static_Code/System/CPU_Init.o
 .debug_macro   0x00015168       0x10 ./Static_Code/System/CPU_Init.o
 .debug_macro   0x00015178       0x35 ./Static_Code/System/CPU_Init.o
 .debug_macro   0x000151ad       0x19 ./Static_Code/System/CPU_Init.o
 .debug_macro   0x000151c6      0x29f ./Static_Code/System/CPU_Init.o
 .debug_macro   0x00015465      0x282 ./Static_Code/System/Vectors.o
 .debug_macro   0x000156e7      0x18e ./Sources/Drv_ADS1299.o
 .debug_macro   0x00015875      0x40c ./Sources/Drv_ADS1299.o
 .debug_macro   0x00015c81      0x19b ./Sources/Drv_Devices.o
 .debug_macro   0x00015e1c       0x28 ./Sources/Drv_Devices.o
 .debug_macro   0x00015e44      0x642 ./Sources/Drv_Devices.o
 .debug_macro   0x00016486       0x22 ./Sources/Drv_Devices.o
 .debug_macro   0x000164a8      0x132 ./Sources/Drv_Devices.o
 .debug_macro   0x000165da      0x13d ./Sources/Drv_GPIO.o
 .debug_macro   0x00016717      0x127 ./Sources/Drv_SSP.o
 .debug_macro   0x0001683e      0x3a3 ./Sources/Events.o
 .debug_macro   0x00016be1      0x61c ./Sources/Events.o
 .debug_macro   0x000171fd      0x625 ./Sources/Events.o
 .debug_macro   0x00017822      0x328 ./Sources/Events.o
 .debug_macro   0x00017b4a      0x1e9 ./Sources/Events.o
 .debug_macro   0x00017d33      0x109 ./Sources/Events.o
 .debug_macro   0x00017e3c      0x17f ./Sources/Events.o
 .debug_macro   0x00017fbb      0x202 ./Sources/Events.o
 .debug_macro   0x000181bd      0x91e ./Sources/Events.o
 .debug_macro   0x00018adb      0x585 ./Sources/Events.o
 .debug_macro   0x00019060       0x9e ./Sources/Events.o
 .debug_macro   0x000190fe      0x1f9 ./Sources/Events.o
 .debug_macro   0x000192f7      0x50f ./Sources/Events.o
 .debug_macro   0x00019806      0x6a6 ./Sources/Events.o
 .debug_macro   0x00019eac      0x29c ./Sources/Events.o
 .debug_macro   0x0001a148      0x264 ./Sources/Events.o
 .debug_macro   0x0001a3ac      0x25b ./Sources/Events.o
 .debug_macro   0x0001a607      0x4f1 ./Sources/Events.o
 .debug_macro   0x0001aaf8      0x13f ./Sources/Events.o
 .debug_macro   0x0001ac37       0x6c ./Sources/Events.o
 .debug_macro   0x0001aca3      0x30d ./Sources/Events.o
 .debug_macro   0x0001afb0       0xbb ./Sources/Events.o
 .debug_macro   0x0001b06b       0xe9 ./Sources/Events.o
 .debug_macro   0x0001b154      0x4ea ./Sources/Events.o
 .debug_macro   0x0001b63e      0x18f ./Sources/Events.o
 .debug_macro   0x0001b7cd       0xea ./Sources/Events.o
 .debug_macro   0x0001b8b7      0x344 ./Sources/Events.o
 .debug_macro   0x0001bbfb      0x824 ./Sources/Events.o
 .debug_macro   0x0001c41f      0x179 ./Sources/Events.o
 .debug_macro   0x0001c598      0x644 ./Sources/Events.o
 .debug_macro   0x0001cbdc      0xa28 ./Sources/Events.o
 .debug_macro   0x0001d604      0x124 ./Sources/Events.o
 .debug_macro   0x0001d728       0x81 ./Sources/Events.o
 .debug_macro   0x0001d7a9      0x7bf ./Sources/Events.o
 .debug_macro   0x0001df68      0x10f ./Sources/Events.o
 .debug_macro   0x0001e077      0x66f ./Sources/Events.o
 .debug_macro   0x0001e6e6       0x7b ./Sources/Events.o
 .debug_macro   0x0001e761      0x182 ./Sources/Events.o
 .debug_macro   0x0001e8e3      0x3d2 ./Sources/main.o
 .debug_macro   0x0001ecb5       0x10 ./Sources/main.o
 .debug_macro   0x0001ecc5       0x2e ./Sources/main.o
 .debug_macro   0x0001ecf3      0x121 ./Project_Settings/Startup_Code/startup.o
 .debug_macro   0x0001ee14       0x4a ./Project_Settings/Startup_Code/startup.o
 .debug_macro   0x0001ee5e       0x16 ./Project_Settings/Startup_Code/startup.o
 .debug_macro   0x0001ee74       0x22 ./Project_Settings/Startup_Code/startup.o
 .debug_macro   0x0001ee96       0x10 ./Project_Settings/Startup_Code/startup.o
 .debug_macro   0x0001eea6      0x20f ./Project_Settings/Startup_Code/startup.o
 .debug_macro   0x0001f0b5    0x110a2 ./Project_Settings/Startup_Code/startup.o
 .debug_macro   0x00030157      0x112 ./Generated_Code/ASerialLdd1.o
 .debug_macro   0x00030269       0x66 ./Generated_Code/ASerialLdd1.o
 .debug_macro   0x000302cf       0x17 ./Generated_Code/ASerialLdd1.o
 .debug_macro   0x000302e6      0x7b9 ./Generated_Code/ASerialLdd1.o
 .debug_macro   0x00030a9f       0xf9 ./Generated_Code/CS_SPI.o
 .debug_macro   0x00030b98       0x40 ./Generated_Code/CS_SPI.o
 .debug_macro   0x00030bd8      0x25c ./Generated_Code/Cpu.o
 .debug_macro   0x00030e34       0xf9 ./Generated_Code/DRDY.o
 .debug_macro   0x00030f2d       0x2e ./Generated_Code/DRDY.o
 .debug_macro   0x00030f5b      0x12c ./Generated_Code/Inhr1.o
 .debug_macro   0x00031087       0xf9 ./Generated_Code/LED_ON.o
 .debug_macro   0x00031180      0x220 ./Generated_Code/PE_LDD.o
 .debug_macro   0x000313a0       0xf9 ./Generated_Code/PWDN.o
 .debug_macro   0x00031499       0x40 ./Generated_Code/PWDN.o
 .debug_macro   0x000314d9       0xf9 ./Generated_Code/RESET.o
 .debug_macro   0x000315d2       0x40 ./Generated_Code/RESET.o
 .debug_macro   0x00031612      0x12e ./Generated_Code/SM1.o
 .debug_macro   0x00031740      0x118 ./Generated_Code/SMasterLdd1.o
 .debug_macro   0x00031858       0xf9 ./Generated_Code/START.o
 .debug_macro   0x00031951       0x40 ./Generated_Code/START.o
 .debug_macro   0x00031991      0x100 ./Generated_Code/Term1.o
 .debug_macro   0x00031a91       0xe1 ./Generated_Code/WAIT1.o

.debug_line     0x00000000     0x7d28
 .debug_line    0x00000000      0x706 ./Static_Code/System/CPU_Init.o
 .debug_line    0x00000706      0xc52 ./Static_Code/System/Vectors.o
 .debug_line    0x00001358      0xb65 ./Sources/Drv_ADS1299.o
 .debug_line    0x00001ebd      0x7f3 ./Sources/Drv_Devices.o
 .debug_line    0x000026b0      0x46e ./Sources/Drv_GPIO.o
 .debug_line    0x00002b1e      0x3fa ./Sources/Drv_SSP.o
 .debug_line    0x00002f18      0x6e9 ./Sources/Events.o
 .debug_line    0x00003601      0x770 ./Sources/main.o
 .debug_line    0x00003d71      0x3ef ./Project_Settings/Startup_Code/startup.o
 .debug_line    0x00004160      0x4ed ./Generated_Code/ASerialLdd1.o
 .debug_line    0x0000464d      0x3d1 ./Generated_Code/CS_SPI.o
 .debug_line    0x00004a1e      0x596 ./Generated_Code/Cpu.o
 .debug_line    0x00004fb4      0x394 ./Generated_Code/DRDY.o
 .debug_line    0x00005348      0x3b0 ./Generated_Code/Inhr1.o
 .debug_line    0x000056f8      0x3d1 ./Generated_Code/LED_ON.o
 .debug_line    0x00005ac9      0x516 ./Generated_Code/PE_LDD.o
 .debug_line    0x00005fdf      0x3cd ./Generated_Code/PWDN.o
 .debug_line    0x000063ac      0x3cf ./Generated_Code/RESET.o
 .debug_line    0x0000677b      0x48c ./Generated_Code/SM1.o
 .debug_line    0x00006c07      0x4ac ./Generated_Code/SMasterLdd1.o
 .debug_line    0x000070b3      0x3cf ./Generated_Code/START.o
 .debug_line    0x00007482      0x52a ./Generated_Code/Term1.o
 .debug_line    0x000079ac      0x37c ./Generated_Code/WAIT1.o

.debug_str      0x00000000    0xee530
 .debug_str     0x00000000    0x757ab ./Static_Code/System/CPU_Init.o
                              0x759c4 (size before relaxing)
 .debug_str     0x000757ab      0x98a ./Static_Code/System/Vectors.o
                              0x75d67 (size before relaxing)
 .debug_str     0x00076135     0x1248 ./Sources/Drv_ADS1299.o
                              0x72f36 (size before relaxing)
 .debug_str     0x0007737d      0x4f3 ./Sources/Drv_Devices.o
                              0x72d2b (size before relaxing)
 .debug_str     0x00077870       0xcd ./Sources/Drv_GPIO.o
                              0x6cd07 (size before relaxing)
 .debug_str     0x0007793d       0x6f ./Sources/Drv_SSP.o
                              0x70c87 (size before relaxing)
 .debug_str     0x000779ac    0x75b72 ./Sources/Events.o
                              0xe9eea (size before relaxing)
 .debug_str     0x000ed51e       0x39 ./Sources/main.o
                              0xeaaa1 (size before relaxing)
 .debug_str     0x000ed557      0x186 ./Project_Settings/Startup_Code/startup.o
                              0x636b2 (size before relaxing)
 .debug_str     0x000ed6dd      0x325 ./Generated_Code/ASerialLdd1.o
                              0x7a22f (size before relaxing)
 .debug_str     0x000eda02       0xca ./Generated_Code/CS_SPI.o
                              0x6bc6c (size before relaxing)
 .debug_str     0x000edacc       0x28 ./Generated_Code/Cpu.o
                              0x743b5 (size before relaxing)
 .debug_str     0x000edaf4       0x54 ./Generated_Code/DRDY.o
                              0x6bbcc (size before relaxing)
 .debug_str     0x000edb48      0x199 ./Generated_Code/Inhr1.o
                              0x6afaa (size before relaxing)
 .debug_str     0x000edce1       0x88 ./Generated_Code/LED_ON.o
                              0x6bc72 (size before relaxing)
 .debug_str     0x000edd69      0x166 ./Generated_Code/PE_LDD.o
                              0x7453d (size before relaxing)
 .debug_str     0x000edecf       0x78 ./Generated_Code/PWDN.o
                              0x6bc44 (size before relaxing)
 .debug_str     0x000edf47       0x80 ./Generated_Code/RESET.o
                              0x6bc58 (size before relaxing)
 .debug_str     0x000edfc7       0xf6 ./Generated_Code/SM1.o
                              0x70a71 (size before relaxing)
 .debug_str     0x000ee0bd      0x26f ./Generated_Code/SMasterLdd1.o
                              0x70d83 (size before relaxing)
 .debug_str     0x000ee32c       0x80 ./Generated_Code/START.o
                              0x6bc58 (size before relaxing)
 .debug_str     0x000ee3ac      0x100 ./Generated_Code/Term1.o
                              0x6aed1 (size before relaxing)
 .debug_str     0x000ee4ac       0x84 ./Generated_Code/WAIT1.o
                              0x6af64 (size before relaxing)

.comment        0x00000000       0x70
 .comment       0x00000000       0x70 ./Static_Code/System/CPU_Init.o
                                 0x71 (size before relaxing)
 .comment       0x00000000       0x71 ./Static_Code/System/Vectors.o
 .comment       0x00000000       0x71 ./Sources/Drv_ADS1299.o
 .comment       0x00000000       0x71 ./Sources/Drv_Devices.o
 .comment       0x00000000       0x71 ./Sources/Drv_GPIO.o
 .comment       0x00000000       0x71 ./Sources/Drv_SSP.o
 .comment       0x00000000       0x71 ./Sources/Events.o
 .comment       0x00000000       0x71 ./Sources/main.o
 .comment       0x00000000       0x71 ./Project_Settings/Startup_Code/startup.o
 .comment       0x00000000       0x71 ./Generated_Code/ASerialLdd1.o
 .comment       0x00000000       0x71 ./Generated_Code/CS_SPI.o
 .comment       0x00000000       0x71 ./Generated_Code/Cpu.o
 .comment       0x00000000       0x71 ./Generated_Code/DRDY.o
 .comment       0x00000000       0x71 ./Generated_Code/Inhr1.o
 .comment       0x00000000       0x71 ./Generated_Code/LED_ON.o
 .comment       0x00000000       0x71 ./Generated_Code/PE_LDD.o
 .comment       0x00000000       0x71 ./Generated_Code/PWDN.o
 .comment       0x00000000       0x71 ./Generated_Code/RESET.o
 .comment       0x00000000       0x71 ./Generated_Code/SM1.o
 .comment       0x00000000       0x71 ./Generated_Code/SMasterLdd1.o
 .comment       0x00000000       0x71 ./Generated_Code/START.o
 .comment       0x00000000       0x71 ./Generated_Code/Term1.o
 .comment       0x00000000       0x71 ./Generated_Code/WAIT1.o

.debug_frame    0x00000000     0x23f0
 .debug_frame   0x00000000       0xd4 ./Static_Code/System/CPU_Init.o
 .debug_frame   0x000000d4      0xcb0 ./Static_Code/System/Vectors.o
 .debug_frame   0x00000d84      0x58c ./Sources/Drv_ADS1299.o
 .debug_frame   0x00001310      0x2e0 ./Sources/Drv_Devices.o
 .debug_frame   0x000015f0      0x110 ./Sources/Drv_GPIO.o
 .debug_frame   0x00001700       0x7c ./Sources/Drv_SSP.o
 .debug_frame   0x0000177c       0x28 ./Sources/Events.o
 .debug_frame   0x000017a4       0x30 ./Sources/main.o
 .debug_frame   0x000017d4       0xc0 ./Project_Settings/Startup_Code/startup.o
 .debug_frame   0x00001894      0x180 ./Generated_Code/ASerialLdd1.o
 .debug_frame   0x00001a14       0x9c ./Generated_Code/CS_SPI.o
 .debug_frame   0x00001ab0       0x50 ./Generated_Code/Cpu.o
 .debug_frame   0x00001b00       0x48 ./Generated_Code/DRDY.o
 .debug_frame   0x00001b48       0xe0 ./Generated_Code/Inhr1.o
 .debug_frame   0x00001c28       0x9c ./Generated_Code/LED_ON.o
 .debug_frame   0x00001cc4       0x68 ./Generated_Code/PE_LDD.o
 .debug_frame   0x00001d2c       0x9c ./Generated_Code/PWDN.o
 .debug_frame   0x00001dc8       0x9c ./Generated_Code/RESET.o
 .debug_frame   0x00001e64      0x134 ./Generated_Code/SM1.o
 .debug_frame   0x00001f98      0x120 ./Generated_Code/SMasterLdd1.o
 .debug_frame   0x000020b8       0x9c ./Generated_Code/START.o
 .debug_frame   0x00002154      0x178 ./Generated_Code/Term1.o
 .debug_frame   0x000022cc       0x90 ./Generated_Code/WAIT1.o
 .debug_frame   0x0000235c       0x28 c:/freescale/kds_v3/toolchain/bin/../lib/gcc/arm-none-eabi/4.8.4/../../../../arm-none-eabi/lib/armv7e-m/fpu\libg_s.a(lib_a-exit.o)
 .debug_frame   0x00002384       0x2c c:/freescale/kds_v3/toolchain/bin/../lib/gcc/arm-none-eabi/4.8.4/../../../../arm-none-eabi/lib/armv7e-m/fpu\libg_s.a(lib_a-init.o)
 .debug_frame   0x000023b0       0x20 c:/freescale/kds_v3/toolchain/bin/../lib/gcc/arm-none-eabi/4.8.4/../../../../arm-none-eabi/lib/armv7e-m/fpu\libg_s.a(lib_a-memset.o)
 .debug_frame   0x000023d0       0x20 c:/freescale/kds_v3/toolchain/bin/../lib/gcc/arm-none-eabi/4.8.4/../../../../arm-none-eabi/lib/armv7e-m/fpu\libnosys.a(_exit.o)
